[2021-07-24T16:05:01.475+0800][gc,heap] Heap region size: 1M
[2021-07-24T16:05:01.477+0800][gc     ] Using G1
[2021-07-24T16:05:01.477+0800][gc,heap,coops] Heap address: 0x0000000780000000, size: 1024 MB, Compressed Oops mode: Zero based, Oop shift amount: 3
[2021-07-24T16:05:01.969+0800][gc,start     ] GC(0) Pause Young (Concurrent Start) (Metadata GC Threshold)
[2021-07-24T16:05:01.969+0800][gc,task      ] GC(0) Using 8 workers of 8 for evacuation
[2021-07-24T16:05:01.974+0800][gc,phases    ] GC(0)   Pre Evacuate Collection Set: 0.0ms
[2021-07-24T16:05:01.974+0800][gc,phases    ] GC(0)   Evacuate Collection Set: 4.5ms
[2021-07-24T16:05:01.974+0800][gc,phases    ] GC(0)   Post Evacuate Collection Set: 0.3ms
[2021-07-24T16:05:01.974+0800][gc,phases    ] GC(0)   Other: 0.3ms
[2021-07-24T16:05:01.974+0800][gc,heap      ] GC(0) Eden regions: 45->0(44)
[2021-07-24T16:05:01.974+0800][gc,heap      ] GC(0) Survivor regions: 0->7(7)
[2021-07-24T16:05:01.974+0800][gc,heap      ] GC(0) Old regions: 0->0
[2021-07-24T16:05:01.974+0800][gc,heap      ] GC(0) Humongous regions: 0->0
[2021-07-24T16:05:01.974+0800][gc,metaspace ] GC(0) Metaspace: 20881K->20881K(1069056K)
[2021-07-24T16:05:01.974+0800][gc           ] GC(0) Pause Young (Concurrent Start) (Metadata GC Threshold) 44M->6M(1024M) 5.214ms
[2021-07-24T16:05:01.974+0800][gc,cpu       ] GC(0) User=0.01s Sys=0.01s Real=0.01s
[2021-07-24T16:05:01.974+0800][gc           ] GC(1) Concurrent Cycle
[2021-07-24T16:05:01.974+0800][gc,marking   ] GC(1) Concurrent Clear Claimed Marks
[2021-07-24T16:05:01.974+0800][gc,marking   ] GC(1) Concurrent Clear Claimed Marks 0.012ms
[2021-07-24T16:05:01.974+0800][gc,marking   ] GC(1) Concurrent Scan Root Regions
[2021-07-24T16:05:01.976+0800][gc,marking   ] GC(1) Concurrent Scan Root Regions 1.248ms
[2021-07-24T16:05:01.976+0800][gc,marking   ] GC(1) Concurrent Mark (0.503s)
[2021-07-24T16:05:01.976+0800][gc,marking   ] GC(1) Concurrent Mark From Roots
[2021-07-24T16:05:01.976+0800][gc,task      ] GC(1) Using 2 workers of 2 for marking
[2021-07-24T16:05:01.976+0800][gc,marking   ] GC(1) Concurrent Mark From Roots 0.092ms
[2021-07-24T16:05:01.976+0800][gc,marking   ] GC(1) Concurrent Preclean
[2021-07-24T16:05:01.976+0800][gc,marking   ] GC(1) Concurrent Preclean 0.013ms
[2021-07-24T16:05:01.976+0800][gc,marking   ] GC(1) Concurrent Mark (0.503s, 0.503s) 0.123ms
[2021-07-24T16:05:01.976+0800][gc,start     ] GC(1) Pause Remark
[2021-07-24T16:05:01.977+0800][gc,stringtable] GC(1) Cleaned string and symbol table, strings: 6877 processed, 0 removed, symbols: 65363 processed, 35 removed
[2021-07-24T16:05:01.977+0800][gc            ] GC(1) Pause Remark 7M->7M(1024M) 0.784ms
[2021-07-24T16:05:01.977+0800][gc,cpu        ] GC(1) User=0.00s Sys=0.00s Real=0.00s
[2021-07-24T16:05:01.977+0800][gc,marking    ] GC(1) Concurrent Rebuild Remembered Sets
[2021-07-24T16:05:01.977+0800][gc,marking    ] GC(1) Concurrent Rebuild Remembered Sets 0.031ms
[2021-07-24T16:05:01.977+0800][gc,start      ] GC(1) Pause Cleanup
[2021-07-24T16:05:01.977+0800][gc            ] GC(1) Pause Cleanup 7M->7M(1024M) 0.058ms
[2021-07-24T16:05:01.977+0800][gc,cpu        ] GC(1) User=0.00s Sys=0.00s Real=0.00s
[2021-07-24T16:05:01.977+0800][gc,marking    ] GC(1) Concurrent Cleanup for Next Mark
[2021-07-24T16:05:01.979+0800][gc,marking    ] GC(1) Concurrent Cleanup for Next Mark 1.292ms
[2021-07-24T16:05:01.979+0800][gc            ] GC(1) Concurrent Cycle 4.368ms
[2021-07-24T16:05:02.634+0800][gc,start      ] GC(2) Pause Young (Normal) (G1 Evacuation Pause)
[2021-07-24T16:05:02.634+0800][gc,task       ] GC(2) Using 8 workers of 8 for evacuation
[2021-07-24T16:05:02.638+0800][gc,phases     ] GC(2)   Pre Evacuate Collection Set: 0.0ms
[2021-07-24T16:05:02.638+0800][gc,phases     ] GC(2)   Evacuate Collection Set: 4.1ms
[2021-07-24T16:05:02.638+0800][gc,phases     ] GC(2)   Post Evacuate Collection Set: 0.3ms
[2021-07-24T16:05:02.639+0800][gc,phases     ] GC(2)   Other: 0.1ms
[2021-07-24T16:05:02.639+0800][gc,heap       ] GC(2) Eden regions: 44->0(49)
[2021-07-24T16:05:02.639+0800][gc,heap       ] GC(2) Survivor regions: 7->2(7)
[2021-07-24T16:05:02.639+0800][gc,heap       ] GC(2) Old regions: 0->7
[2021-07-24T16:05:02.639+0800][gc,heap       ] GC(2) Humongous regions: 0->0
[2021-07-24T16:05:02.639+0800][gc,metaspace  ] GC(2) Metaspace: 30548K->30548K(1077248K)
[2021-07-24T16:05:02.639+0800][gc            ] GC(2) Pause Young (Normal) (G1 Evacuation Pause) 50M->8M(1024M) 4.587ms
[2021-07-24T16:05:02.639+0800][gc,cpu        ] GC(2) User=0.02s Sys=0.00s Real=0.00s
[2021-07-24T16:05:02.819+0800][gc,start      ] GC(3) Pause Young (Concurrent Start) (Metadata GC Threshold)
[2021-07-24T16:05:02.819+0800][gc,task       ] GC(3) Using 8 workers of 8 for evacuation
[2021-07-24T16:05:02.821+0800][gc,phases     ] GC(3)   Pre Evacuate Collection Set: 0.1ms
[2021-07-24T16:05:02.821+0800][gc,phases     ] GC(3)   Evacuate Collection Set: 1.5ms
[2021-07-24T16:05:02.821+0800][gc,phases     ] GC(3)   Post Evacuate Collection Set: 0.1ms
[2021-07-24T16:05:02.821+0800][gc,phases     ] GC(3)   Other: 0.1ms
[2021-07-24T16:05:02.821+0800][gc,heap       ] GC(3) Eden regions: 24->0(47)
[2021-07-24T16:05:02.821+0800][gc,heap       ] GC(3) Survivor regions: 2->4(7)
[2021-07-24T16:05:02.821+0800][gc,heap       ] GC(3) Old regions: 7->7
[2021-07-24T16:05:02.821+0800][gc,heap       ] GC(3) Humongous regions: 129->129
[2021-07-24T16:05:02.821+0800][gc,metaspace  ] GC(3) Metaspace: 34924K->34924K(1081344K)
[2021-07-24T16:05:02.821+0800][gc            ] GC(3) Pause Young (Concurrent Start) (Metadata GC Threshold) 160M->138M(1024M) 1.798ms
[2021-07-24T16:05:02.821+0800][gc,cpu        ] GC(3) User=0.01s Sys=0.00s Real=0.01s
[2021-07-24T16:05:02.821+0800][gc            ] GC(4) Concurrent Cycle
[2021-07-24T16:05:02.821+0800][gc,marking    ] GC(4) Concurrent Clear Claimed Marks
[2021-07-24T16:05:02.821+0800][gc,marking    ] GC(4) Concurrent Clear Claimed Marks 0.012ms
[2021-07-24T16:05:02.821+0800][gc,marking    ] GC(4) Concurrent Scan Root Regions
[2021-07-24T16:05:02.822+0800][gc,marking    ] GC(4) Concurrent Scan Root Regions 0.673ms
[2021-07-24T16:05:02.822+0800][gc,marking    ] GC(4) Concurrent Mark (1.349s)
[2021-07-24T16:05:02.822+0800][gc,marking    ] GC(4) Concurrent Mark From Roots
[2021-07-24T16:05:02.822+0800][gc,task       ] GC(4) Using 2 workers of 2 for marking
[2021-07-24T16:05:02.824+0800][gc,marking    ] GC(4) Concurrent Mark From Roots 2.082ms
[2021-07-24T16:05:02.824+0800][gc,marking    ] GC(4) Concurrent Preclean
[2021-07-24T16:05:02.824+0800][gc,marking    ] GC(4) Concurrent Preclean 0.020ms
[2021-07-24T16:05:02.824+0800][gc,marking    ] GC(4) Concurrent Mark (1.349s, 1.351s) 2.118ms
[2021-07-24T16:05:02.824+0800][gc,start      ] GC(4) Pause Remark
[2021-07-24T16:05:02.825+0800][gc,stringtable] GC(4) Cleaned string and symbol table, strings: 10701 processed, 9 removed, symbols: 96015 processed, 20 removed
[2021-07-24T16:05:02.825+0800][gc            ] GC(4) Pause Remark 139M->139M(1024M) 1.013ms
[2021-07-24T16:05:02.825+0800][gc,cpu        ] GC(4) User=0.01s Sys=0.00s Real=0.00s
[2021-07-24T16:05:02.825+0800][gc,marking    ] GC(4) Concurrent Rebuild Remembered Sets
[2021-07-24T16:05:02.826+0800][gc,marking    ] GC(4) Concurrent Rebuild Remembered Sets 1.568ms
[2021-07-24T16:05:02.826+0800][gc,start      ] GC(4) Pause Cleanup
[2021-07-24T16:05:02.827+0800][gc            ] GC(4) Pause Cleanup 139M->139M(1024M) 0.054ms
[2021-07-24T16:05:02.827+0800][gc,cpu        ] GC(4) User=0.00s Sys=0.00s Real=0.00s
[2021-07-24T16:05:02.827+0800][gc,marking    ] GC(4) Concurrent Cleanup for Next Mark
[2021-07-24T16:05:02.828+0800][gc,marking    ] GC(4) Concurrent Cleanup for Next Mark 1.175ms
[2021-07-24T16:05:02.828+0800][gc            ] GC(4) Concurrent Cycle 6.834ms
[2021-07-24T16:05:03.216+0800][gc,start      ] GC(5) Pause Young (Normal) (G1 Evacuation Pause)
[2021-07-24T16:05:03.216+0800][gc,task       ] GC(5) Using 8 workers of 8 for evacuation
[2021-07-24T16:05:03.218+0800][gc,phases     ] GC(5)   Pre Evacuate Collection Set: 0.0ms
[2021-07-24T16:05:03.218+0800][gc,phases     ] GC(5)   Evacuate Collection Set: 2.5ms
[2021-07-24T16:05:03.219+0800][gc,phases     ] GC(5)   Post Evacuate Collection Set: 0.2ms
[2021-07-24T16:05:03.219+0800][gc,phases     ] GC(5)   Other: 0.1ms
[2021-07-24T16:05:03.219+0800][gc,heap       ] GC(5) Eden regions: 47->0(45)
[2021-07-24T16:05:03.219+0800][gc,heap       ] GC(5) Survivor regions: 4->6(7)
[2021-07-24T16:05:03.219+0800][gc,heap       ] GC(5) Old regions: 7->7
[2021-07-24T16:05:03.219+0800][gc,heap       ] GC(5) Humongous regions: 129->129
[2021-07-24T16:05:03.219+0800][gc,metaspace  ] GC(5) Metaspace: 41501K->41501K(1087488K)
[2021-07-24T16:05:03.219+0800][gc            ] GC(5) Pause Young (Normal) (G1 Evacuation Pause) 185M->141M(1024M) 2.933ms
[2021-07-24T16:05:03.219+0800][gc,cpu        ] GC(5) User=0.02s Sys=0.00s Real=0.00s
[2021-07-24T16:05:03.515+0800][gc,start      ] GC(6) Pause Young (Normal) (G1 Evacuation Pause)
[2021-07-24T16:05:03.515+0800][gc,task       ] GC(6) Using 8 workers of 8 for evacuation
[2021-07-24T16:05:03.519+0800][gc,phases     ] GC(6)   Pre Evacuate Collection Set: 0.0ms
[2021-07-24T16:05:03.519+0800][gc,phases     ] GC(6)   Evacuate Collection Set: 3.5ms
[2021-07-24T16:05:03.519+0800][gc,phases     ] GC(6)   Post Evacuate Collection Set: 0.2ms
[2021-07-24T16:05:03.519+0800][gc,phases     ] GC(6)   Other: 0.1ms
[2021-07-24T16:05:03.519+0800][gc,heap       ] GC(6) Eden regions: 45->0(46)
[2021-07-24T16:05:03.519+0800][gc,heap       ] GC(6) Survivor regions: 6->5(7)
[2021-07-24T16:05:03.519+0800][gc,heap       ] GC(6) Old regions: 7->10
[2021-07-24T16:05:03.519+0800][gc,heap       ] GC(6) Humongous regions: 129->129
[2021-07-24T16:05:03.519+0800][gc,metaspace  ] GC(6) Metaspace: 42758K->42758K(1087488K)
[2021-07-24T16:05:03.519+0800][gc            ] GC(6) Pause Young (Normal) (G1 Evacuation Pause) 186M->143M(1024M) 3.911ms
[2021-07-24T16:05:03.519+0800][gc,cpu        ] GC(6) User=0.02s Sys=0.01s Real=0.00s
[2021-07-24T16:05:03.778+0800][gc,start      ] GC(7) Pause Young (Normal) (G1 Evacuation Pause)
[2021-07-24T16:05:03.778+0800][gc,task       ] GC(7) Using 8 workers of 8 for evacuation
[2021-07-24T16:05:03.781+0800][gc,phases     ] GC(7)   Pre Evacuate Collection Set: 0.0ms
[2021-07-24T16:05:03.781+0800][gc,phases     ] GC(7)   Evacuate Collection Set: 1.9ms
[2021-07-24T16:05:03.781+0800][gc,phases     ] GC(7)   Post Evacuate Collection Set: 0.1ms
[2021-07-24T16:05:03.781+0800][gc,phases     ] GC(7)   Other: 0.1ms
[2021-07-24T16:05:03.781+0800][gc,heap       ] GC(7) Eden regions: 46->0(49)
[2021-07-24T16:05:03.781+0800][gc,heap       ] GC(7) Survivor regions: 5->2(7)
[2021-07-24T16:05:03.781+0800][gc,heap       ] GC(7) Old regions: 10->13
[2021-07-24T16:05:03.781+0800][gc,heap       ] GC(7) Humongous regions: 129->129
[2021-07-24T16:05:03.781+0800][gc,metaspace  ] GC(7) Metaspace: 43176K->43176K(1089536K)
[2021-07-24T16:05:03.781+0800][gc            ] GC(7) Pause Young (Normal) (G1 Evacuation Pause) 189M->143M(1024M) 2.203ms
[2021-07-24T16:05:03.781+0800][gc,cpu        ] GC(7) User=0.01s Sys=0.00s Real=0.01s
[2021-07-24T16:05:04.031+0800][gc,start      ] GC(8) Pause Young (Normal) (G1 Evacuation Pause)
[2021-07-24T16:05:04.031+0800][gc,task       ] GC(8) Using 8 workers of 8 for evacuation
[2021-07-24T16:05:04.032+0800][gc,phases     ] GC(8)   Pre Evacuate Collection Set: 0.0ms
[2021-07-24T16:05:04.032+0800][gc,phases     ] GC(8)   Evacuate Collection Set: 1.1ms
[2021-07-24T16:05:04.032+0800][gc,phases     ] GC(8)   Post Evacuate Collection Set: 0.1ms
[2021-07-24T16:05:04.032+0800][gc,phases     ] GC(8)   Other: 0.1ms
[2021-07-24T16:05:04.032+0800][gc,heap       ] GC(8) Eden regions: 49->0(47)
[2021-07-24T16:05:04.032+0800][gc,heap       ] GC(8) Survivor regions: 2->4(7)
[2021-07-24T16:05:04.032+0800][gc,heap       ] GC(8) Old regions: 13->13
[2021-07-24T16:05:04.032+0800][gc,heap       ] GC(8) Humongous regions: 129->129
[2021-07-24T16:05:04.032+0800][gc,metaspace  ] GC(8) Metaspace: 47428K->47428K(1091584K)
[2021-07-24T16:05:04.032+0800][gc            ] GC(8) Pause Young (Normal) (G1 Evacuation Pause) 192M->144M(1024M) 1.402ms
[2021-07-24T16:05:04.032+0800][gc,cpu        ] GC(8) User=0.01s Sys=0.00s Real=0.00s
[2021-07-24T16:05:04.583+0800][gc,start      ] GC(9) Pause Young (Normal) (G1 Evacuation Pause)
[2021-07-24T16:05:04.583+0800][gc,task       ] GC(9) Using 8 workers of 8 for evacuation
[2021-07-24T16:05:04.585+0800][gc,phases     ] GC(9)   Pre Evacuate Collection Set: 0.0ms
[2021-07-24T16:05:04.585+0800][gc,phases     ] GC(9)   Evacuate Collection Set: 1.9ms
[2021-07-24T16:05:04.585+0800][gc,phases     ] GC(9)   Post Evacuate Collection Set: 0.2ms
[2021-07-24T16:05:04.585+0800][gc,phases     ] GC(9)   Other: 0.1ms
[2021-07-24T16:05:04.585+0800][gc,heap       ] GC(9) Eden regions: 47->0(51)
[2021-07-24T16:05:04.585+0800][gc,heap       ] GC(9) Survivor regions: 4->5(7)
[2021-07-24T16:05:04.585+0800][gc,heap       ] GC(9) Old regions: 13->13
[2021-07-24T16:05:04.585+0800][gc,heap       ] GC(9) Humongous regions: 129->129
[2021-07-24T16:05:04.585+0800][gc,metaspace  ] GC(9) Metaspace: 52070K->52070K(1095680K)
[2021-07-24T16:05:04.585+0800][gc            ] GC(9) Pause Young (Normal) (G1 Evacuation Pause) 191M->146M(1024M) 2.237ms
[2021-07-24T16:05:04.585+0800][gc,cpu        ] GC(9) User=0.01s Sys=0.00s Real=0.00s
[2021-07-24T16:18:35.997+0800][gc,start      ] GC(10) Pause Young (Normal) (G1 Evacuation Pause)
[2021-07-24T16:18:35.997+0800][gc,task       ] GC(10) Using 8 workers of 8 for evacuation
[2021-07-24T16:18:36.011+0800][gc,phases     ] GC(10)   Pre Evacuate Collection Set: 0.2ms
[2021-07-24T16:18:36.011+0800][gc,phases     ] GC(10)   Evacuate Collection Set: 12.7ms
[2021-07-24T16:18:36.011+0800][gc,phases     ] GC(10)   Post Evacuate Collection Set: 0.4ms
[2021-07-24T16:18:36.011+0800][gc,phases     ] GC(10)   Other: 0.5ms
[2021-07-24T16:18:36.011+0800][gc,heap       ] GC(10) Eden regions: 51->0(53)
[2021-07-24T16:18:36.011+0800][gc,heap       ] GC(10) Survivor regions: 5->5(7)
[2021-07-24T16:18:36.011+0800][gc,heap       ] GC(10) Old regions: 13->14
[2021-07-24T16:18:36.011+0800][gc,heap       ] GC(10) Humongous regions: 135->129
[2021-07-24T16:18:36.011+0800][gc,metaspace  ] GC(10) Metaspace: 54834K->54834K(1099776K)
[2021-07-24T16:18:36.011+0800][gc            ] GC(10) Pause Young (Normal) (G1 Evacuation Pause) 203M->146M(1024M) 13.877ms
[2021-07-24T16:18:36.011+0800][gc,cpu        ] GC(10) User=0.02s Sys=0.02s Real=0.02s
[2021-07-24T16:18:39.528+0800][gc,heap,exit  ] Heap
[2021-07-24T16:18:39.528+0800][gc,heap,exit  ]  garbage-first heap   total 1048576K, used 176114K [0x0000000780000000, 0x00000007c0000000)
[2021-07-24T16:18:39.528+0800][gc,heap,exit  ]   region size 1024K, 32 young (32768K), 5 survivors (5120K)
[2021-07-24T16:18:39.528+0800][gc,heap,exit  ]  Metaspace       used 55716K, capacity 58389K, committed 58576K, reserved 1099776K
[2021-07-24T16:18:39.528+0800][gc,heap,exit  ]   class space    used 7092K, capacity 8448K, committed 8448K, reserved 1048576K
