[2021-07-24T16:04:11.645+0800][gc,heap] Heap region size: 1M
[2021-07-24T16:04:11.646+0800][gc     ] Using G1
[2021-07-24T16:04:11.647+0800][gc,heap,coops] Heap address: 0x0000000780000000, size: 1024 MB, Compressed Oops mode: Zero based, Oop shift amount: 3
[2021-07-24T16:04:12.099+0800][gc,start     ] GC(0) Pause Young (Concurrent Start) (Metadata GC Threshold)
[2021-07-24T16:04:12.099+0800][gc,task      ] GC(0) Using 8 workers of 8 for evacuation
[2021-07-24T16:04:12.104+0800][gc,phases    ] GC(0)   Pre Evacuate Collection Set: 0.0ms
[2021-07-24T16:04:12.104+0800][gc,phases    ] GC(0)   Evacuate Collection Set: 4.0ms
[2021-07-24T16:04:12.104+0800][gc,phases    ] GC(0)   Post Evacuate Collection Set: 0.7ms
[2021-07-24T16:04:12.104+0800][gc,phases    ] GC(0)   Other: 0.4ms
[2021-07-24T16:04:12.104+0800][gc,heap      ] GC(0) Eden regions: 44->0(44)
[2021-07-24T16:04:12.104+0800][gc,heap      ] GC(0) Survivor regions: 0->7(7)
[2021-07-24T16:04:12.104+0800][gc,heap      ] GC(0) Old regions: 0->0
[2021-07-24T16:04:12.104+0800][gc,heap      ] GC(0) Humongous regions: 0->0
[2021-07-24T16:04:12.104+0800][gc,metaspace ] GC(0) Metaspace: 20822K->20822K(1069056K)
[2021-07-24T16:04:12.104+0800][gc           ] GC(0) Pause Young (Concurrent Start) (Metadata GC Threshold) 44M->6M(1024M) 5.149ms
[2021-07-24T16:04:12.104+0800][gc,cpu       ] GC(0) User=0.01s Sys=0.01s Real=0.01s
[2021-07-24T16:04:12.104+0800][gc           ] GC(1) Concurrent Cycle
[2021-07-24T16:04:12.104+0800][gc,marking   ] GC(1) Concurrent Clear Claimed Marks
[2021-07-24T16:04:12.104+0800][gc,marking   ] GC(1) Concurrent Clear Claimed Marks 0.026ms
[2021-07-24T16:04:12.104+0800][gc,marking   ] GC(1) Concurrent Scan Root Regions
[2021-07-24T16:04:12.106+0800][gc,marking   ] GC(1) Concurrent Scan Root Regions 1.486ms
[2021-07-24T16:04:12.106+0800][gc,marking   ] GC(1) Concurrent Mark (0.464s)
[2021-07-24T16:04:12.106+0800][gc,marking   ] GC(1) Concurrent Mark From Roots
[2021-07-24T16:04:12.106+0800][gc,task      ] GC(1) Using 2 workers of 2 for marking
[2021-07-24T16:04:12.106+0800][gc,marking   ] GC(1) Concurrent Mark From Roots 0.246ms
[2021-07-24T16:04:12.106+0800][gc,marking   ] GC(1) Concurrent Preclean
[2021-07-24T16:04:12.106+0800][gc,marking   ] GC(1) Concurrent Preclean 0.022ms
[2021-07-24T16:04:12.106+0800][gc,marking   ] GC(1) Concurrent Mark (0.464s, 0.464s) 0.296ms
[2021-07-24T16:04:12.106+0800][gc,start     ] GC(1) Pause Remark
[2021-07-24T16:04:12.107+0800][gc,stringtable] GC(1) Cleaned string and symbol table, strings: 6891 processed, 0 removed, symbols: 64539 processed, 37 removed
[2021-07-24T16:04:12.107+0800][gc            ] GC(1) Pause Remark 7M->7M(1024M) 1.136ms
[2021-07-24T16:04:12.107+0800][gc,cpu        ] GC(1) User=0.01s Sys=0.00s Real=0.00s
[2021-07-24T16:04:12.107+0800][gc,marking    ] GC(1) Concurrent Rebuild Remembered Sets
[2021-07-24T16:04:12.107+0800][gc,marking    ] GC(1) Concurrent Rebuild Remembered Sets 0.039ms
[2021-07-24T16:04:12.107+0800][gc,start      ] GC(1) Pause Cleanup
[2021-07-24T16:04:12.108+0800][gc            ] GC(1) Pause Cleanup 7M->7M(1024M) 0.076ms
[2021-07-24T16:04:12.108+0800][gc,cpu        ] GC(1) User=0.00s Sys=0.00s Real=0.00s
[2021-07-24T16:04:12.108+0800][gc,marking    ] GC(1) Concurrent Cleanup for Next Mark
[2021-07-24T16:04:12.109+0800][gc,marking    ] GC(1) Concurrent Cleanup for Next Mark 1.511ms
[2021-07-24T16:04:12.109+0800][gc            ] GC(1) Concurrent Cycle 4.906ms
[2021-07-24T16:04:12.140+0800][gc,heap,exit  ] Heap
[2021-07-24T16:04:12.140+0800][gc,heap,exit  ]  garbage-first heap   total 1048576K, used 10995K [0x0000000780000000, 0x00000007c0000000)
[2021-07-24T16:04:12.140+0800][gc,heap,exit  ]   region size 1024K, 12 young (12288K), 7 survivors (7168K)
[2021-07-24T16:04:12.140+0800][gc,heap,exit  ]  Metaspace       used 21856K, capacity 22341K, committed 22528K, reserved 1069056K
[2021-07-24T16:04:12.140+0800][gc,heap,exit  ]   class space    used 2517K, capacity 2694K, committed 2816K, reserved 1048576K
