[2021-07-24T16:03:43.264+0800][gc,heap] Heap region size: 1M
[2021-07-24T16:03:43.266+0800][gc     ] Using G1
[2021-07-24T16:03:43.266+0800][gc,heap,coops] Heap address: 0x0000000780000000, size: 1024 MB, Compressed Oops mode: Zero based, Oop shift amount: 3
[2021-07-24T16:03:43.977+0800][gc,start     ] GC(0) Pause Young (Concurrent Start) (Metadata GC Threshold)
[2021-07-24T16:03:43.977+0800][gc,task      ] GC(0) Using 8 workers of 8 for evacuation
[2021-07-24T16:03:43.981+0800][gc,phases    ] GC(0)   Pre Evacuate Collection Set: 0.0ms
[2021-07-24T16:03:43.981+0800][gc,phases    ] GC(0)   Evacuate Collection Set: 3.4ms
[2021-07-24T16:03:43.981+0800][gc,phases    ] GC(0)   Post Evacuate Collection Set: 0.2ms
[2021-07-24T16:03:43.981+0800][gc,phases    ] GC(0)   Other: 0.3ms
[2021-07-24T16:03:43.981+0800][gc,heap      ] GC(0) Eden regions: 43->0(44)
[2021-07-24T16:03:43.981+0800][gc,heap      ] GC(0) Survivor regions: 0->7(7)
[2021-07-24T16:03:43.981+0800][gc,heap      ] GC(0) Old regions: 0->0
[2021-07-24T16:03:43.981+0800][gc,heap      ] GC(0) Humongous regions: 0->0
[2021-07-24T16:03:43.981+0800][gc,metaspace ] GC(0) Metaspace: 20568K->20568K(1069056K)
[2021-07-24T16:03:43.981+0800][gc           ] GC(0) Pause Young (Concurrent Start) (Metadata GC Threshold) 43M->6M(1024M) 4.084ms
[2021-07-24T16:03:43.981+0800][gc,cpu       ] GC(0) User=0.01s Sys=0.01s Real=0.01s
[2021-07-24T16:03:43.981+0800][gc           ] GC(1) Concurrent Cycle
[2021-07-24T16:03:43.981+0800][gc,marking   ] GC(1) Concurrent Clear Claimed Marks
[2021-07-24T16:03:43.981+0800][gc,marking   ] GC(1) Concurrent Clear Claimed Marks 0.009ms
[2021-07-24T16:03:43.981+0800][gc,marking   ] GC(1) Concurrent Scan Root Regions
[2021-07-24T16:03:43.982+0800][gc,marking   ] GC(1) Concurrent Scan Root Regions 0.954ms
[2021-07-24T16:03:43.982+0800][gc,marking   ] GC(1) Concurrent Mark (0.721s)
[2021-07-24T16:03:43.982+0800][gc,marking   ] GC(1) Concurrent Mark From Roots
[2021-07-24T16:03:43.982+0800][gc,task      ] GC(1) Using 2 workers of 2 for marking
[2021-07-24T16:03:43.982+0800][gc,marking   ] GC(1) Concurrent Mark From Roots 0.239ms
[2021-07-24T16:03:43.982+0800][gc,marking   ] GC(1) Concurrent Preclean
[2021-07-24T16:03:43.982+0800][gc,marking   ] GC(1) Concurrent Preclean 0.032ms
[2021-07-24T16:03:43.982+0800][gc,marking   ] GC(1) Concurrent Mark (0.721s, 0.721s) 0.315ms
[2021-07-24T16:03:43.982+0800][gc,start     ] GC(1) Pause Remark
[2021-07-24T16:03:43.983+0800][gc,stringtable] GC(1) Cleaned string and symbol table, strings: 6863 processed, 0 removed, symbols: 64383 processed, 38 removed
[2021-07-24T16:03:43.983+0800][gc            ] GC(1) Pause Remark 7M->7M(1024M) 0.777ms
[2021-07-24T16:03:43.983+0800][gc,cpu        ] GC(1) User=0.01s Sys=0.00s Real=0.00s
[2021-07-24T16:03:43.983+0800][gc,marking    ] GC(1) Concurrent Rebuild Remembered Sets
[2021-07-24T16:03:43.983+0800][gc,marking    ] GC(1) Concurrent Rebuild Remembered Sets 0.256ms
[2021-07-24T16:03:43.984+0800][gc,start      ] GC(1) Pause Cleanup
[2021-07-24T16:03:43.984+0800][gc            ] GC(1) Pause Cleanup 7M->7M(1024M) 0.089ms
[2021-07-24T16:03:43.984+0800][gc,cpu        ] GC(1) User=0.00s Sys=0.00s Real=0.00s
[2021-07-24T16:03:43.984+0800][gc,marking    ] GC(1) Concurrent Cleanup for Next Mark
[2021-07-24T16:03:43.986+0800][gc,marking    ] GC(1) Concurrent Cleanup for Next Mark 2.261ms
[2021-07-24T16:03:43.986+0800][gc            ] GC(1) Concurrent Cycle 5.026ms
[2021-07-24T16:03:44.026+0800][gc,heap,exit  ] Heap
[2021-07-24T16:03:44.026+0800][gc,heap,exit  ]  garbage-first heap   total 1048576K, used 11893K [0x0000000780000000, 0x00000007c0000000)
[2021-07-24T16:03:44.026+0800][gc,heap,exit  ]   region size 1024K, 13 young (13312K), 7 survivors (7168K)
[2021-07-24T16:03:44.026+0800][gc,heap,exit  ]  Metaspace       used 21862K, capacity 22341K, committed 22528K, reserved 1069056K
[2021-07-24T16:03:44.026+0800][gc,heap,exit  ]   class space    used 2517K, capacity 2694K, committed 2816K, reserved 1048576K
