[2021-07-24T15:22:32.265+0800][gc,heap] Heap region size: 1M
[2021-07-24T15:22:32.267+0800][gc     ] Using G1
[2021-07-24T15:22:32.267+0800][gc,heap,coops] Heap address: 0x0000000780000000, size: 1024 MB, Compressed Oops mode: Zero based, Oop shift amount: 3
[2021-07-24T15:22:33.085+0800][gc,start     ] GC(0) Pause Young (Concurrent Start) (Metadata GC Threshold)
[2021-07-24T15:22:33.086+0800][gc,task      ] GC(0) Using 8 workers of 8 for evacuation
[2021-07-24T15:22:33.090+0800][gc,phases    ] GC(0)   Pre Evacuate Collection Set: 0.0ms
[2021-07-24T15:22:33.090+0800][gc,phases    ] GC(0)   Evacuate Collection Set: 3.5ms
[2021-07-24T15:22:33.090+0800][gc,phases    ] GC(0)   Post Evacuate Collection Set: 0.3ms
[2021-07-24T15:22:33.090+0800][gc,phases    ] GC(0)   Other: 0.3ms
[2021-07-24T15:22:33.090+0800][gc,heap      ] GC(0) Eden regions: 45->0(44)
[2021-07-24T15:22:33.090+0800][gc,heap      ] GC(0) Survivor regions: 0->7(7)
[2021-07-24T15:22:33.090+0800][gc,heap      ] GC(0) Old regions: 0->0
[2021-07-24T15:22:33.090+0800][gc,heap      ] GC(0) Humongous regions: 0->0
[2021-07-24T15:22:33.090+0800][gc,metaspace ] GC(0) Metaspace: 20872K->20872K(1069056K)
[2021-07-24T15:22:33.090+0800][gc           ] GC(0) Pause Young (Concurrent Start) (Metadata GC Threshold) 44M->6M(1024M) 5.023ms
[2021-07-24T15:22:33.090+0800][gc,cpu       ] GC(0) User=0.01s Sys=0.00s Real=0.01s
[2021-07-24T15:22:33.090+0800][gc           ] GC(1) Concurrent Cycle
[2021-07-24T15:22:33.090+0800][gc,marking   ] GC(1) Concurrent Clear Claimed Marks
[2021-07-24T15:22:33.090+0800][gc,marking   ] GC(1) Concurrent Clear Claimed Marks 0.009ms
[2021-07-24T15:22:33.090+0800][gc,marking   ] GC(1) Concurrent Scan Root Regions
[2021-07-24T15:22:33.092+0800][gc,marking   ] GC(1) Concurrent Scan Root Regions 1.099ms
[2021-07-24T15:22:33.092+0800][gc,marking   ] GC(1) Concurrent Mark (0.830s)
[2021-07-24T15:22:33.092+0800][gc,marking   ] GC(1) Concurrent Mark From Roots
[2021-07-24T15:22:33.092+0800][gc,task      ] GC(1) Using 2 workers of 2 for marking
[2021-07-24T15:22:33.092+0800][gc,marking   ] GC(1) Concurrent Mark From Roots 0.092ms
[2021-07-24T15:22:33.092+0800][gc,marking   ] GC(1) Concurrent Preclean
[2021-07-24T15:22:33.092+0800][gc,marking   ] GC(1) Concurrent Preclean 0.015ms
[2021-07-24T15:22:33.092+0800][gc,marking   ] GC(1) Concurrent Mark (0.830s, 0.830s) 0.121ms
[2021-07-24T15:22:33.092+0800][gc,start     ] GC(1) Pause Remark
[2021-07-24T15:22:33.092+0800][gc,stringtable] GC(1) Cleaned string and symbol table, strings: 6937 processed, 0 removed, symbols: 64862 processed, 37 removed
[2021-07-24T15:22:33.092+0800][gc            ] GC(1) Pause Remark 7M->7M(1024M) 0.786ms
[2021-07-24T15:22:33.093+0800][gc,cpu        ] GC(1) User=0.01s Sys=0.00s Real=0.00s
[2021-07-24T15:22:33.093+0800][gc,marking    ] GC(1) Concurrent Rebuild Remembered Sets
[2021-07-24T15:22:33.093+0800][gc,marking    ] GC(1) Concurrent Rebuild Remembered Sets 0.023ms
[2021-07-24T15:22:33.093+0800][gc,start      ] GC(1) Pause Cleanup
[2021-07-24T15:22:33.093+0800][gc            ] GC(1) Pause Cleanup 7M->7M(1024M) 0.059ms
[2021-07-24T15:22:33.093+0800][gc,cpu        ] GC(1) User=0.00s Sys=0.00s Real=0.00s
[2021-07-24T15:22:33.093+0800][gc,marking    ] GC(1) Concurrent Cleanup for Next Mark
[2021-07-24T15:22:33.094+0800][gc,marking    ] GC(1) Concurrent Cleanup for Next Mark 1.312ms
[2021-07-24T15:22:33.094+0800][gc            ] GC(1) Concurrent Cycle 3.636ms
[2021-07-24T15:22:33.973+0800][gc,start      ] GC(2) Pause Young (Normal) (G1 Evacuation Pause)
[2021-07-24T15:22:33.973+0800][gc,task       ] GC(2) Using 8 workers of 8 for evacuation
[2021-07-24T15:22:33.977+0800][gc,phases     ] GC(2)   Pre Evacuate Collection Set: 0.0ms
[2021-07-24T15:22:33.977+0800][gc,phases     ] GC(2)   Evacuate Collection Set: 3.6ms
[2021-07-24T15:22:33.977+0800][gc,phases     ] GC(2)   Post Evacuate Collection Set: 0.2ms
[2021-07-24T15:22:33.977+0800][gc,phases     ] GC(2)   Other: 0.1ms
[2021-07-24T15:22:33.977+0800][gc,heap       ] GC(2) Eden regions: 44->0(48)
[2021-07-24T15:22:33.977+0800][gc,heap       ] GC(2) Survivor regions: 7->3(7)
[2021-07-24T15:22:33.977+0800][gc,heap       ] GC(2) Old regions: 0->7
[2021-07-24T15:22:33.977+0800][gc,heap       ] GC(2) Humongous regions: 129->129
[2021-07-24T15:22:33.977+0800][gc,metaspace  ] GC(2) Metaspace: 30775K->30775K(1077248K)
[2021-07-24T15:22:33.977+0800][gc            ] GC(2) Pause Young (Normal) (G1 Evacuation Pause) 179M->137M(1024M) 4.007ms
[2021-07-24T15:22:33.977+0800][gc,cpu        ] GC(2) User=0.02s Sys=0.00s Real=0.00s
[2021-07-24T15:22:34.120+0800][gc,start      ] GC(3) Pause Young (Concurrent Start) (Metadata GC Threshold)
[2021-07-24T15:22:34.120+0800][gc,task       ] GC(3) Using 8 workers of 8 for evacuation
[2021-07-24T15:22:34.122+0800][gc,phases     ] GC(3)   Pre Evacuate Collection Set: 0.1ms
[2021-07-24T15:22:34.122+0800][gc,phases     ] GC(3)   Evacuate Collection Set: 1.5ms
[2021-07-24T15:22:34.122+0800][gc,phases     ] GC(3)   Post Evacuate Collection Set: 0.1ms
[2021-07-24T15:22:34.122+0800][gc,phases     ] GC(3)   Other: 0.1ms
[2021-07-24T15:22:34.122+0800][gc,heap       ] GC(3) Eden regions: 25->0(46)
[2021-07-24T15:22:34.122+0800][gc,heap       ] GC(3) Survivor regions: 3->5(7)
[2021-07-24T15:22:34.122+0800][gc,heap       ] GC(3) Old regions: 7->7
[2021-07-24T15:22:34.122+0800][gc,heap       ] GC(3) Humongous regions: 129->129
[2021-07-24T15:22:34.122+0800][gc,metaspace  ] GC(3) Metaspace: 34954K->34954K(1081344K)
[2021-07-24T15:22:34.122+0800][gc            ] GC(3) Pause Young (Concurrent Start) (Metadata GC Threshold) 162M->139M(1024M) 1.857ms
[2021-07-24T15:22:34.122+0800][gc,cpu        ] GC(3) User=0.01s Sys=0.00s Real=0.00s
[2021-07-24T15:22:34.122+0800][gc            ] GC(4) Concurrent Cycle
[2021-07-24T15:22:34.122+0800][gc,marking    ] GC(4) Concurrent Clear Claimed Marks
[2021-07-24T15:22:34.122+0800][gc,marking    ] GC(4) Concurrent Clear Claimed Marks 0.025ms
[2021-07-24T15:22:34.122+0800][gc,marking    ] GC(4) Concurrent Scan Root Regions
[2021-07-24T15:22:34.123+0800][gc,marking    ] GC(4) Concurrent Scan Root Regions 1.017ms
[2021-07-24T15:22:34.123+0800][gc,marking    ] GC(4) Concurrent Mark (1.861s)
[2021-07-24T15:22:34.123+0800][gc,marking    ] GC(4) Concurrent Mark From Roots
[2021-07-24T15:22:34.123+0800][gc,task       ] GC(4) Using 2 workers of 2 for marking
[2021-07-24T15:22:34.125+0800][gc,marking    ] GC(4) Concurrent Mark From Roots 2.114ms
[2021-07-24T15:22:34.125+0800][gc,marking    ] GC(4) Concurrent Preclean
[2021-07-24T15:22:34.125+0800][gc,marking    ] GC(4) Concurrent Preclean 0.027ms
[2021-07-24T15:22:34.125+0800][gc,marking    ] GC(4) Concurrent Mark (1.861s, 1.863s) 2.170ms
[2021-07-24T15:22:34.125+0800][gc,start      ] GC(4) Pause Remark
[2021-07-24T15:22:34.127+0800][gc,stringtable] GC(4) Cleaned string and symbol table, strings: 11504 processed, 9 removed, symbols: 95575 processed, 28 removed
[2021-07-24T15:22:34.127+0800][gc            ] GC(4) Pause Remark 140M->140M(1024M) 1.782ms
[2021-07-24T15:22:34.127+0800][gc,cpu        ] GC(4) User=0.00s Sys=0.00s Real=0.00s
[2021-07-24T15:22:34.127+0800][gc,marking    ] GC(4) Concurrent Rebuild Remembered Sets
[2021-07-24T15:22:34.129+0800][gc,marking    ] GC(4) Concurrent Rebuild Remembered Sets 2.189ms
[2021-07-24T15:22:34.129+0800][gc,start      ] GC(4) Pause Cleanup
[2021-07-24T15:22:34.129+0800][gc            ] GC(4) Pause Cleanup 140M->140M(1024M) 0.104ms
[2021-07-24T15:22:34.129+0800][gc,cpu        ] GC(4) User=0.00s Sys=0.00s Real=0.00s
[2021-07-24T15:22:34.129+0800][gc,marking    ] GC(4) Concurrent Cleanup for Next Mark
[2021-07-24T15:22:34.132+0800][gc,marking    ] GC(4) Concurrent Cleanup for Next Mark 2.822ms
[2021-07-24T15:22:34.132+0800][gc            ] GC(4) Concurrent Cycle 10.438ms
[2021-07-24T15:26:24.328+0800][gc,start      ] GC(5) Pause Young (Normal) (G1 Evacuation Pause)
[2021-07-24T15:26:24.328+0800][gc,task       ] GC(5) Using 8 workers of 8 for evacuation
[2021-07-24T15:26:24.339+0800][gc,phases     ] GC(5)   Pre Evacuate Collection Set: 0.2ms
[2021-07-24T15:26:24.340+0800][gc,phases     ] GC(5)   Evacuate Collection Set: 10.5ms
[2021-07-24T15:26:24.340+0800][gc,phases     ] GC(5)   Post Evacuate Collection Set: 0.3ms
[2021-07-24T15:26:24.340+0800][gc,phases     ] GC(5)   Other: 0.4ms
[2021-07-24T15:26:24.340+0800][gc,heap       ] GC(5) Eden regions: 46->0(46)
[2021-07-24T15:26:24.340+0800][gc,heap       ] GC(5) Survivor regions: 5->5(7)
[2021-07-24T15:26:24.340+0800][gc,heap       ] GC(5) Old regions: 7->9
[2021-07-24T15:26:24.340+0800][gc,heap       ] GC(5) Humongous regions: 129->129
[2021-07-24T15:26:24.340+0800][gc,metaspace  ] GC(5) Metaspace: 44190K->44190K(1089536K)
[2021-07-24T15:26:24.340+0800][gc            ] GC(5) Pause Young (Normal) (G1 Evacuation Pause) 185M->142M(1024M) 11.360ms
[2021-07-24T15:26:24.340+0800][gc,cpu        ] GC(5) User=0.02s Sys=0.02s Real=0.02s
[2021-07-24T15:31:34.160+0800][gc,start      ] GC(6) Pause Young (Normal) (G1 Evacuation Pause)
[2021-07-24T15:31:34.161+0800][gc,task       ] GC(6) Using 8 workers of 8 for evacuation
[2021-07-24T15:31:34.198+0800][gc,mmu        ] GC(6) MMU target violated: 21.0ms (20.0ms/21.0ms)
[2021-07-24T15:31:34.198+0800][gc,phases     ] GC(6)   Pre Evacuate Collection Set: 0.5ms
[2021-07-24T15:31:34.198+0800][gc,phases     ] GC(6)   Evacuate Collection Set: 35.3ms
[2021-07-24T15:31:34.198+0800][gc,phases     ] GC(6)   Post Evacuate Collection Set: 1.2ms
[2021-07-24T15:31:34.198+0800][gc,phases     ] GC(6)   Other: 1.4ms
[2021-07-24T15:31:34.198+0800][gc,heap       ] GC(6) Eden regions: 46->0(44)
[2021-07-24T15:31:34.198+0800][gc,heap       ] GC(6) Survivor regions: 5->7(7)
[2021-07-24T15:31:34.198+0800][gc,heap       ] GC(6) Old regions: 9->11
[2021-07-24T15:31:34.198+0800][gc,heap       ] GC(6) Humongous regions: 129->129
[2021-07-24T15:31:34.198+0800][gc,metaspace  ] GC(6) Metaspace: 49057K->49057K(1093632K)
[2021-07-24T15:31:34.199+0800][gc            ] GC(6) Pause Young (Normal) (G1 Evacuation Pause) 188M->145M(1024M) 38.477ms
[2021-07-24T15:31:34.199+0800][gc,cpu        ] GC(6) User=0.04s Sys=0.03s Real=0.03s
[2021-07-24T15:44:53.755+0800][gc,start      ] GC(7) Pause Young (Normal) (G1 Evacuation Pause)
[2021-07-24T15:44:53.756+0800][gc,task       ] GC(7) Using 8 workers of 8 for evacuation
[2021-07-24T15:44:53.778+0800][gc,mmu        ] GC(7) MMU target violated: 21.0ms (20.0ms/21.0ms)
[2021-07-24T15:44:53.778+0800][gc,phases     ] GC(7)   Pre Evacuate Collection Set: 0.6ms
[2021-07-24T15:44:53.778+0800][gc,phases     ] GC(7)   Evacuate Collection Set: 19.4ms
[2021-07-24T15:44:53.778+0800][gc,phases     ] GC(7)   Post Evacuate Collection Set: 0.7ms
[2021-07-24T15:44:53.778+0800][gc,phases     ] GC(7)   Other: 2.0ms
[2021-07-24T15:44:53.778+0800][gc,heap       ] GC(7) Eden regions: 44->0(45)
[2021-07-24T15:44:53.778+0800][gc,heap       ] GC(7) Survivor regions: 7->6(7)
[2021-07-24T15:44:53.778+0800][gc,heap       ] GC(7) Old regions: 11->14
[2021-07-24T15:44:53.778+0800][gc,heap       ] GC(7) Humongous regions: 129->129
[2021-07-24T15:44:53.778+0800][gc,metaspace  ] GC(7) Metaspace: 49674K->49674K(1093632K)
[2021-07-24T15:44:53.778+0800][gc            ] GC(7) Pause Young (Normal) (G1 Evacuation Pause) 189M->147M(1024M) 22.823ms
[2021-07-24T15:44:53.778+0800][gc,cpu        ] GC(7) User=0.07s Sys=0.04s Real=0.02s
[2021-07-24T15:57:19.805+0800][gc,start      ] GC(8) Pause Young (Normal) (G1 Evacuation Pause)
[2021-07-24T15:57:19.806+0800][gc,task       ] GC(8) Using 8 workers of 8 for evacuation
[2021-07-24T15:57:19.824+0800][gc,phases     ] GC(8)   Pre Evacuate Collection Set: 0.6ms
[2021-07-24T15:57:19.824+0800][gc,phases     ] GC(8)   Evacuate Collection Set: 15.7ms
[2021-07-24T15:57:19.824+0800][gc,phases     ] GC(8)   Post Evacuate Collection Set: 0.9ms
[2021-07-24T15:57:19.824+0800][gc,phases     ] GC(8)   Other: 1.9ms
[2021-07-24T15:57:19.824+0800][gc,heap       ] GC(8) Eden regions: 45->0(48)
[2021-07-24T15:57:19.824+0800][gc,heap       ] GC(8) Survivor regions: 6->3(7)
[2021-07-24T15:57:19.824+0800][gc,heap       ] GC(8) Old regions: 14->16
[2021-07-24T15:57:19.824+0800][gc,heap       ] GC(8) Humongous regions: 129->129
[2021-07-24T15:57:19.824+0800][gc,metaspace  ] GC(8) Metaspace: 49962K->49962K(1093632K)
[2021-07-24T15:57:19.824+0800][gc            ] GC(8) Pause Young (Normal) (G1 Evacuation Pause) 192M->147M(1024M) 19.348ms
[2021-07-24T15:57:19.824+0800][gc,cpu        ] GC(8) User=0.03s Sys=0.02s Real=0.02s
[2021-07-24T16:04:04.911+0800][gc,heap,exit  ] Heap
[2021-07-24T16:04:04.911+0800][gc,heap,exit  ]  garbage-first heap   total 1048576K, used 182584K [0x0000000780000000, 0x00000007c0000000)
[2021-07-24T16:04:04.911+0800][gc,heap,exit  ]   region size 1024K, 36 young (36864K), 3 survivors (3072K)
[2021-07-24T16:04:04.911+0800][gc,heap,exit  ]  Metaspace       used 50823K, capacity 53749K, committed 53872K, reserved 1095680K
[2021-07-24T16:04:04.911+0800][gc,heap,exit  ]   class space    used 6588K, capacity 8047K, committed 8064K, reserved 1048576K
