[2021-07-24T16:18:41.566+0800][gc,heap] Heap region size: 1M
[2021-07-24T16:18:41.567+0800][gc     ] Using G1
[2021-07-24T16:18:41.568+0800][gc,heap,coops] Heap address: 0x0000000780000000, size: 1024 MB, Compressed Oops mode: Zero based, Oop shift amount: 3
[2021-07-24T16:18:42.033+0800][gc,start     ] GC(0) Pause Young (Concurrent Start) (Metadata GC Threshold)
[2021-07-24T16:18:42.033+0800][gc,task      ] GC(0) Using 8 workers of 8 for evacuation
[2021-07-24T16:18:42.036+0800][gc,phases    ] GC(0)   Pre Evacuate Collection Set: 0.0ms
[2021-07-24T16:18:42.036+0800][gc,phases    ] GC(0)   Evacuate Collection Set: 3.1ms
[2021-07-24T16:18:42.036+0800][gc,phases    ] GC(0)   Post Evacuate Collection Set: 0.3ms
[2021-07-24T16:18:42.036+0800][gc,phases    ] GC(0)   Other: 0.3ms
[2021-07-24T16:18:42.036+0800][gc,heap      ] GC(0) Eden regions: 45->0(44)
[2021-07-24T16:18:42.036+0800][gc,heap      ] GC(0) Survivor regions: 0->7(7)
[2021-07-24T16:18:42.036+0800][gc,heap      ] GC(0) Old regions: 0->0
[2021-07-24T16:18:42.036+0800][gc,heap      ] GC(0) Humongous regions: 0->0
[2021-07-24T16:18:42.036+0800][gc,metaspace ] GC(0) Metaspace: 20878K->20878K(1069056K)
[2021-07-24T16:18:42.036+0800][gc           ] GC(0) Pause Young (Concurrent Start) (Metadata GC Threshold) 44M->6M(1024M) 3.781ms
[2021-07-24T16:18:42.036+0800][gc,cpu       ] GC(0) User=0.01s Sys=0.00s Real=0.00s
[2021-07-24T16:18:42.036+0800][gc           ] GC(1) Concurrent Cycle
[2021-07-24T16:18:42.036+0800][gc,marking   ] GC(1) Concurrent Clear Claimed Marks
[2021-07-24T16:18:42.036+0800][gc,marking   ] GC(1) Concurrent Clear Claimed Marks 0.009ms
[2021-07-24T16:18:42.036+0800][gc,marking   ] GC(1) Concurrent Scan Root Regions
[2021-07-24T16:18:42.038+0800][gc,marking   ] GC(1) Concurrent Scan Root Regions 1.041ms
[2021-07-24T16:18:42.038+0800][gc,marking   ] GC(1) Concurrent Mark (0.475s)
[2021-07-24T16:18:42.038+0800][gc,marking   ] GC(1) Concurrent Mark From Roots
[2021-07-24T16:18:42.038+0800][gc,task      ] GC(1) Using 2 workers of 2 for marking
[2021-07-24T16:18:42.038+0800][gc,marking   ] GC(1) Concurrent Mark From Roots 0.117ms
[2021-07-24T16:18:42.038+0800][gc,marking   ] GC(1) Concurrent Preclean
[2021-07-24T16:18:42.038+0800][gc,marking   ] GC(1) Concurrent Preclean 0.017ms
[2021-07-24T16:18:42.038+0800][gc,marking   ] GC(1) Concurrent Mark (0.475s, 0.475s) 0.157ms
[2021-07-24T16:18:42.038+0800][gc,start     ] GC(1) Pause Remark
[2021-07-24T16:18:42.039+0800][gc,stringtable] GC(1) Cleaned string and symbol table, strings: 6891 processed, 0 removed, symbols: 65363 processed, 35 removed
[2021-07-24T16:18:42.039+0800][gc            ] GC(1) Pause Remark 7M->7M(1024M) 0.691ms
[2021-07-24T16:18:42.039+0800][gc,cpu        ] GC(1) User=0.01s Sys=0.00s Real=0.00s
[2021-07-24T16:18:42.039+0800][gc,marking    ] GC(1) Concurrent Rebuild Remembered Sets
[2021-07-24T16:18:42.039+0800][gc,marking    ] GC(1) Concurrent Rebuild Remembered Sets 0.039ms
[2021-07-24T16:18:42.039+0800][gc,start      ] GC(1) Pause Cleanup
[2021-07-24T16:18:42.039+0800][gc            ] GC(1) Pause Cleanup 7M->7M(1024M) 0.055ms
[2021-07-24T16:18:42.039+0800][gc,cpu        ] GC(1) User=0.00s Sys=0.00s Real=0.00s
[2021-07-24T16:18:42.039+0800][gc,marking    ] GC(1) Concurrent Cleanup for Next Mark
[2021-07-24T16:18:42.040+0800][gc,marking    ] GC(1) Concurrent Cleanup for Next Mark 1.252ms
[2021-07-24T16:18:42.040+0800][gc            ] GC(1) Concurrent Cycle 3.961ms
[2021-07-24T16:18:42.684+0800][gc,start      ] GC(2) Pause Young (Normal) (G1 Evacuation Pause)
[2021-07-24T16:18:42.684+0800][gc,task       ] GC(2) Using 8 workers of 8 for evacuation
[2021-07-24T16:18:42.689+0800][gc,phases     ] GC(2)   Pre Evacuate Collection Set: 0.0ms
[2021-07-24T16:18:42.689+0800][gc,phases     ] GC(2)   Evacuate Collection Set: 4.4ms
[2021-07-24T16:18:42.689+0800][gc,phases     ] GC(2)   Post Evacuate Collection Set: 0.4ms
[2021-07-24T16:18:42.689+0800][gc,phases     ] GC(2)   Other: 0.1ms
[2021-07-24T16:18:42.689+0800][gc,heap       ] GC(2) Eden regions: 44->0(49)
[2021-07-24T16:18:42.689+0800][gc,heap       ] GC(2) Survivor regions: 7->2(7)
[2021-07-24T16:18:42.689+0800][gc,heap       ] GC(2) Old regions: 0->7
[2021-07-24T16:18:42.689+0800][gc,heap       ] GC(2) Humongous regions: 0->0
[2021-07-24T16:18:42.689+0800][gc,metaspace  ] GC(2) Metaspace: 30534K->30534K(1077248K)
[2021-07-24T16:18:42.689+0800][gc            ] GC(2) Pause Young (Normal) (G1 Evacuation Pause) 50M->8M(1024M) 4.895ms
[2021-07-24T16:18:42.689+0800][gc,cpu        ] GC(2) User=0.03s Sys=0.01s Real=0.00s
[2021-07-24T16:18:42.892+0800][gc,start      ] GC(3) Pause Young (Concurrent Start) (Metadata GC Threshold)
[2021-07-24T16:18:42.892+0800][gc,task       ] GC(3) Using 8 workers of 8 for evacuation
[2021-07-24T16:18:42.894+0800][gc,phases     ] GC(3)   Pre Evacuate Collection Set: 0.1ms
[2021-07-24T16:18:42.894+0800][gc,phases     ] GC(3)   Evacuate Collection Set: 1.5ms
[2021-07-24T16:18:42.894+0800][gc,phases     ] GC(3)   Post Evacuate Collection Set: 0.1ms
[2021-07-24T16:18:42.894+0800][gc,phases     ] GC(3)   Other: 0.2ms
[2021-07-24T16:18:42.894+0800][gc,heap       ] GC(3) Eden regions: 24->0(47)
[2021-07-24T16:18:42.894+0800][gc,heap       ] GC(3) Survivor regions: 2->4(7)
[2021-07-24T16:18:42.894+0800][gc,heap       ] GC(3) Old regions: 7->7
[2021-07-24T16:18:42.894+0800][gc,heap       ] GC(3) Humongous regions: 129->129
[2021-07-24T16:18:42.894+0800][gc,metaspace  ] GC(3) Metaspace: 34914K->34914K(1081344K)
[2021-07-24T16:18:42.894+0800][gc            ] GC(3) Pause Young (Concurrent Start) (Metadata GC Threshold) 160M->138M(1024M) 1.898ms
[2021-07-24T16:18:42.894+0800][gc,cpu        ] GC(3) User=0.01s Sys=0.00s Real=0.00s
[2021-07-24T16:18:42.894+0800][gc            ] GC(4) Concurrent Cycle
[2021-07-24T16:18:42.894+0800][gc,marking    ] GC(4) Concurrent Clear Claimed Marks
[2021-07-24T16:18:42.894+0800][gc,marking    ] GC(4) Concurrent Clear Claimed Marks 0.012ms
[2021-07-24T16:18:42.894+0800][gc,marking    ] GC(4) Concurrent Scan Root Regions
[2021-07-24T16:18:42.895+0800][gc,marking    ] GC(4) Concurrent Scan Root Regions 0.734ms
[2021-07-24T16:18:42.895+0800][gc,marking    ] GC(4) Concurrent Mark (1.332s)
[2021-07-24T16:18:42.895+0800][gc,marking    ] GC(4) Concurrent Mark From Roots
[2021-07-24T16:18:42.895+0800][gc,task       ] GC(4) Using 2 workers of 2 for marking
[2021-07-24T16:18:42.897+0800][gc,marking    ] GC(4) Concurrent Mark From Roots 2.054ms
[2021-07-24T16:18:42.897+0800][gc,marking    ] GC(4) Concurrent Preclean
[2021-07-24T16:18:42.897+0800][gc,marking    ] GC(4) Concurrent Preclean 0.020ms
[2021-07-24T16:18:42.897+0800][gc,marking    ] GC(4) Concurrent Mark (1.332s, 1.334s) 2.090ms
[2021-07-24T16:18:42.897+0800][gc,start      ] GC(4) Pause Remark
[2021-07-24T16:18:42.898+0800][gc,stringtable] GC(4) Cleaned string and symbol table, strings: 10679 processed, 9 removed, symbols: 95998 processed, 20 removed
[2021-07-24T16:18:42.898+0800][gc            ] GC(4) Pause Remark 139M->139M(1024M) 1.097ms
[2021-07-24T16:18:42.898+0800][gc,cpu        ] GC(4) User=0.00s Sys=0.00s Real=0.00s
[2021-07-24T16:18:42.898+0800][gc,marking    ] GC(4) Concurrent Rebuild Remembered Sets
[2021-07-24T16:18:42.900+0800][gc,marking    ] GC(4) Concurrent Rebuild Remembered Sets 1.780ms
[2021-07-24T16:18:42.900+0800][gc,start      ] GC(4) Pause Cleanup
[2021-07-24T16:18:42.900+0800][gc            ] GC(4) Pause Cleanup 139M->139M(1024M) 0.053ms
[2021-07-24T16:18:42.900+0800][gc,cpu        ] GC(4) User=0.00s Sys=0.00s Real=0.00s
[2021-07-24T16:18:42.900+0800][gc,marking    ] GC(4) Concurrent Cleanup for Next Mark
[2021-07-24T16:18:42.901+0800][gc,marking    ] GC(4) Concurrent Cleanup for Next Mark 1.614ms
[2021-07-24T16:18:42.901+0800][gc            ] GC(4) Concurrent Cycle 7.619ms
[2021-07-24T16:18:43.246+0800][gc,start      ] GC(5) Pause Young (Normal) (G1 Evacuation Pause)
[2021-07-24T16:18:43.246+0800][gc,task       ] GC(5) Using 8 workers of 8 for evacuation
[2021-07-24T16:18:43.248+0800][gc,phases     ] GC(5)   Pre Evacuate Collection Set: 0.0ms
[2021-07-24T16:18:43.248+0800][gc,phases     ] GC(5)   Evacuate Collection Set: 2.0ms
[2021-07-24T16:18:43.248+0800][gc,phases     ] GC(5)   Post Evacuate Collection Set: 0.2ms
[2021-07-24T16:18:43.248+0800][gc,phases     ] GC(5)   Other: 0.1ms
[2021-07-24T16:18:43.248+0800][gc,heap       ] GC(5) Eden regions: 47->0(44)
[2021-07-24T16:18:43.248+0800][gc,heap       ] GC(5) Survivor regions: 4->7(7)
[2021-07-24T16:18:43.248+0800][gc,heap       ] GC(5) Old regions: 7->7
[2021-07-24T16:18:43.248+0800][gc,heap       ] GC(5) Humongous regions: 129->129
[2021-07-24T16:18:43.248+0800][gc,metaspace  ] GC(5) Metaspace: 41497K->41497K(1087488K)
[2021-07-24T16:18:43.248+0800][gc            ] GC(5) Pause Young (Normal) (G1 Evacuation Pause) 185M->141M(1024M) 2.368ms
[2021-07-24T16:18:43.248+0800][gc,cpu        ] GC(5) User=0.01s Sys=0.00s Real=0.00s
[2021-07-24T16:18:43.530+0800][gc,start      ] GC(6) Pause Young (Normal) (G1 Evacuation Pause)
[2021-07-24T16:18:43.530+0800][gc,task       ] GC(6) Using 8 workers of 8 for evacuation
[2021-07-24T16:18:43.532+0800][gc,phases     ] GC(6)   Pre Evacuate Collection Set: 0.0ms
[2021-07-24T16:18:43.532+0800][gc,phases     ] GC(6)   Evacuate Collection Set: 2.2ms
[2021-07-24T16:18:43.532+0800][gc,phases     ] GC(6)   Post Evacuate Collection Set: 0.2ms
[2021-07-24T16:18:43.532+0800][gc,phases     ] GC(6)   Other: 0.1ms
[2021-07-24T16:18:43.532+0800][gc,heap       ] GC(6) Eden regions: 44->0(46)
[2021-07-24T16:18:43.532+0800][gc,heap       ] GC(6) Survivor regions: 7->5(7)
[2021-07-24T16:18:43.532+0800][gc,heap       ] GC(6) Old regions: 7->10
[2021-07-24T16:18:43.532+0800][gc,heap       ] GC(6) Humongous regions: 129->129
[2021-07-24T16:18:43.532+0800][gc,metaspace  ] GC(6) Metaspace: 42774K->42774K(1087488K)
[2021-07-24T16:18:43.532+0800][gc            ] GC(6) Pause Young (Normal) (G1 Evacuation Pause) 185M->143M(1024M) 2.563ms
[2021-07-24T16:18:43.532+0800][gc,cpu        ] GC(6) User=0.01s Sys=0.00s Real=0.00s
[2021-07-24T16:18:43.794+0800][gc,start      ] GC(7) Pause Young (Normal) (G1 Evacuation Pause)
[2021-07-24T16:18:43.794+0800][gc,task       ] GC(7) Using 8 workers of 8 for evacuation
[2021-07-24T16:18:43.796+0800][gc,phases     ] GC(7)   Pre Evacuate Collection Set: 0.0ms
[2021-07-24T16:18:43.796+0800][gc,phases     ] GC(7)   Evacuate Collection Set: 1.4ms
[2021-07-24T16:18:43.796+0800][gc,phases     ] GC(7)   Post Evacuate Collection Set: 0.1ms
[2021-07-24T16:18:43.796+0800][gc,phases     ] GC(7)   Other: 0.1ms
[2021-07-24T16:18:43.796+0800][gc,heap       ] GC(7) Eden regions: 46->0(49)
[2021-07-24T16:18:43.796+0800][gc,heap       ] GC(7) Survivor regions: 5->2(7)
[2021-07-24T16:18:43.796+0800][gc,heap       ] GC(7) Old regions: 10->13
[2021-07-24T16:18:43.796+0800][gc,heap       ] GC(7) Humongous regions: 129->129
[2021-07-24T16:18:43.796+0800][gc,metaspace  ] GC(7) Metaspace: 43199K->43199K(1087488K)
[2021-07-24T16:18:43.796+0800][gc            ] GC(7) Pause Young (Normal) (G1 Evacuation Pause) 189M->143M(1024M) 1.698ms
[2021-07-24T16:18:43.796+0800][gc,cpu        ] GC(7) User=0.01s Sys=0.00s Real=0.00s
[2021-07-24T16:18:44.052+0800][gc,start      ] GC(8) Pause Young (Normal) (G1 Evacuation Pause)
[2021-07-24T16:18:44.052+0800][gc,task       ] GC(8) Using 8 workers of 8 for evacuation
[2021-07-24T16:18:44.054+0800][gc,phases     ] GC(8)   Pre Evacuate Collection Set: 0.0ms
[2021-07-24T16:18:44.054+0800][gc,phases     ] GC(8)   Evacuate Collection Set: 1.3ms
[2021-07-24T16:18:44.054+0800][gc,phases     ] GC(8)   Post Evacuate Collection Set: 0.1ms
[2021-07-24T16:18:44.054+0800][gc,phases     ] GC(8)   Other: 0.1ms
[2021-07-24T16:18:44.054+0800][gc,heap       ] GC(8) Eden regions: 49->0(47)
[2021-07-24T16:18:44.054+0800][gc,heap       ] GC(8) Survivor regions: 2->4(7)
[2021-07-24T16:18:44.054+0800][gc,heap       ] GC(8) Old regions: 13->13
[2021-07-24T16:18:44.054+0800][gc,heap       ] GC(8) Humongous regions: 129->129
[2021-07-24T16:18:44.054+0800][gc,metaspace  ] GC(8) Metaspace: 47422K->47422K(1091584K)
[2021-07-24T16:18:44.054+0800][gc            ] GC(8) Pause Young (Normal) (G1 Evacuation Pause) 192M->144M(1024M) 1.637ms
[2021-07-24T16:18:44.054+0800][gc,cpu        ] GC(8) User=0.01s Sys=0.00s Real=0.00s
[2021-07-24T16:18:44.583+0800][gc,start      ] GC(9) Pause Young (Normal) (G1 Evacuation Pause)
[2021-07-24T16:18:44.583+0800][gc,task       ] GC(9) Using 8 workers of 8 for evacuation
[2021-07-24T16:18:44.585+0800][gc,phases     ] GC(9)   Pre Evacuate Collection Set: 0.0ms
[2021-07-24T16:18:44.585+0800][gc,phases     ] GC(9)   Evacuate Collection Set: 1.8ms
[2021-07-24T16:18:44.585+0800][gc,phases     ] GC(9)   Post Evacuate Collection Set: 0.2ms
[2021-07-24T16:18:44.585+0800][gc,phases     ] GC(9)   Other: 0.1ms
[2021-07-24T16:18:44.585+0800][gc,heap       ] GC(9) Eden regions: 47->0(51)
[2021-07-24T16:18:44.585+0800][gc,heap       ] GC(9) Survivor regions: 4->5(7)
[2021-07-24T16:18:44.585+0800][gc,heap       ] GC(9) Old regions: 13->13
[2021-07-24T16:18:44.585+0800][gc,heap       ] GC(9) Humongous regions: 129->129
[2021-07-24T16:18:44.585+0800][gc,metaspace  ] GC(9) Metaspace: 51846K->51846K(1095680K)
[2021-07-24T16:18:44.585+0800][gc            ] GC(9) Pause Young (Normal) (G1 Evacuation Pause) 191M->146M(1024M) 2.127ms
[2021-07-24T16:18:44.585+0800][gc,cpu        ] GC(9) User=0.01s Sys=0.00s Real=0.00s
[2021-07-24T16:26:54.003+0800][gc,start      ] GC(10) Pause Young (Normal) (G1 Evacuation Pause)
[2021-07-24T16:26:54.004+0800][gc,task       ] GC(10) Using 8 workers of 8 for evacuation
[2021-07-24T16:26:54.020+0800][gc,phases     ] GC(10)   Pre Evacuate Collection Set: 0.3ms
[2021-07-24T16:26:54.020+0800][gc,phases     ] GC(10)   Evacuate Collection Set: 15.7ms
[2021-07-24T16:26:54.020+0800][gc,phases     ] GC(10)   Post Evacuate Collection Set: 0.5ms
[2021-07-24T16:26:54.020+0800][gc,phases     ] GC(10)   Other: 1.0ms
[2021-07-24T16:26:54.020+0800][gc,heap       ] GC(10) Eden regions: 51->0(53)
[2021-07-24T16:26:54.020+0800][gc,heap       ] GC(10) Survivor regions: 5->5(7)
[2021-07-24T16:26:54.021+0800][gc,heap       ] GC(10) Old regions: 13->14
[2021-07-24T16:26:54.021+0800][gc,heap       ] GC(10) Humongous regions: 135->129
[2021-07-24T16:26:54.021+0800][gc,metaspace  ] GC(10) Metaspace: 54248K->54248K(1097728K)
[2021-07-24T16:26:54.021+0800][gc            ] GC(10) Pause Young (Normal) (G1 Evacuation Pause) 203M->147M(1024M) 17.564ms
[2021-07-24T16:26:54.021+0800][gc,cpu        ] GC(10) User=0.02s Sys=0.04s Real=0.02s
[2021-07-24T16:41:43.836+0800][gc,start      ] GC(11) Pause Young (Normal) (G1 Evacuation Pause)
[2021-07-24T16:41:43.837+0800][gc,task       ] GC(11) Using 8 workers of 8 for evacuation
[2021-07-24T16:41:43.868+0800][gc,mmu        ] GC(11) MMU target violated: 21.0ms (20.0ms/21.0ms)
[2021-07-24T16:41:43.868+0800][gc,phases     ] GC(11)   Pre Evacuate Collection Set: 0.7ms
[2021-07-24T16:41:43.868+0800][gc,phases     ] GC(11)   Evacuate Collection Set: 28.1ms
[2021-07-24T16:41:43.868+0800][gc,phases     ] GC(11)   Post Evacuate Collection Set: 0.7ms
[2021-07-24T16:41:43.868+0800][gc,phases     ] GC(11)   Other: 2.3ms
[2021-07-24T16:41:43.868+0800][gc,heap       ] GC(11) Eden regions: 53->0(46)
[2021-07-24T16:41:43.868+0800][gc,heap       ] GC(11) Survivor regions: 5->5(8)
[2021-07-24T16:41:43.868+0800][gc,heap       ] GC(11) Old regions: 14->14
[2021-07-24T16:41:43.868+0800][gc,heap       ] GC(11) Humongous regions: 129->129
[2021-07-24T16:41:43.868+0800][gc,metaspace  ] GC(11) Metaspace: 56856K->56856K(1099776K)
[2021-07-24T16:41:43.868+0800][gc            ] GC(11) Pause Young (Normal) (G1 Evacuation Pause) 200M->147M(1024M) 31.885ms
[2021-07-24T16:41:43.868+0800][gc,cpu        ] GC(11) User=0.03s Sys=0.05s Real=0.03s
[2021-07-24T17:14:09.519+0800][gc,start      ] GC(12) Pause Young (Concurrent Start) (Metadata GC Threshold)
[2021-07-24T17:14:09.522+0800][gc,task       ] GC(12) Using 8 workers of 8 for evacuation
[2021-07-24T17:14:09.592+0800][gc,mmu        ] GC(12) MMU target violated: 21.0ms (20.0ms/21.0ms)
[2021-07-24T17:14:09.592+0800][gc,phases     ] GC(12)   Pre Evacuate Collection Set: 14.0ms
[2021-07-24T17:14:09.592+0800][gc,phases     ] GC(12)   Evacuate Collection Set: 44.2ms
[2021-07-24T17:14:09.592+0800][gc,phases     ] GC(12)   Post Evacuate Collection Set: 1.8ms
[2021-07-24T17:14:09.592+0800][gc,phases     ] GC(12)   Other: 13.4ms
[2021-07-24T17:14:09.592+0800][gc,heap       ] GC(12) Eden regions: 41->0(48)
[2021-07-24T17:14:09.592+0800][gc,heap       ] GC(12) Survivor regions: 5->3(7)
[2021-07-24T17:14:09.592+0800][gc,heap       ] GC(12) Old regions: 14->16
[2021-07-24T17:14:09.592+0800][gc,heap       ] GC(12) Humongous regions: 129->129
[2021-07-24T17:14:09.592+0800][gc,metaspace  ] GC(12) Metaspace: 57205K->57205K(1101824K)
[2021-07-24T17:14:09.592+0800][gc            ] GC(12) Pause Young (Concurrent Start) (Metadata GC Threshold) 188M->147M(1024M) 72.453ms
[2021-07-24T17:14:09.592+0800][gc,cpu        ] GC(12) User=0.06s Sys=0.06s Real=0.08s
[2021-07-24T17:14:09.592+0800][gc            ] GC(13) Concurrent Cycle
[2021-07-24T17:14:09.592+0800][gc,marking    ] GC(13) Concurrent Clear Claimed Marks
[2021-07-24T17:14:09.592+0800][gc,marking    ] GC(13) Concurrent Clear Claimed Marks 0.249ms
[2021-07-24T17:14:09.592+0800][gc,marking    ] GC(13) Concurrent Scan Root Regions
[2021-07-24T17:14:09.595+0800][gc,marking    ] GC(13) Concurrent Scan Root Regions 2.886ms
[2021-07-24T17:14:09.595+0800][gc,marking    ] GC(13) Concurrent Mark (3228.080s)
[2021-07-24T17:14:09.595+0800][gc,marking    ] GC(13) Concurrent Mark From Roots
[2021-07-24T17:14:09.595+0800][gc,task       ] GC(13) Using 2 workers of 2 for marking
[2021-07-24T17:14:09.611+0800][gc,marking    ] GC(13) Concurrent Mark From Roots 16.257ms
[2021-07-24T17:14:09.611+0800][gc,marking    ] GC(13) Concurrent Preclean
[2021-07-24T17:14:09.611+0800][gc,marking    ] GC(13) Concurrent Preclean 0.116ms
[2021-07-24T17:14:09.611+0800][gc,marking    ] GC(13) Concurrent Mark (3228.080s, 3228.096s) 16.414ms
[2021-07-24T17:14:09.612+0800][gc,start      ] GC(13) Pause Remark
[2021-07-24T17:14:09.664+0800][gc,stringtable] GC(13) Cleaned string and symbol table, strings: 20258 processed, 356 removed, symbols: 142506 processed, 18 removed
[2021-07-24T17:14:09.665+0800][gc,mmu        ] GC(13) MMU target violated: 21.0ms (20.0ms/21.0ms)
[2021-07-24T17:14:09.665+0800][gc            ] GC(13) Pause Remark 148M->148M(1024M) 53.012ms
[2021-07-24T17:14:09.665+0800][gc,cpu        ] GC(13) User=0.02s Sys=0.05s Real=0.05s
[2021-07-24T17:14:09.665+0800][gc,marking    ] GC(13) Concurrent Rebuild Remembered Sets
[2021-07-24T17:14:09.669+0800][gc,marking    ] GC(13) Concurrent Rebuild Remembered Sets 4.249ms
[2021-07-24T17:14:09.669+0800][gc,start      ] GC(13) Pause Cleanup
[2021-07-24T17:14:09.669+0800][gc            ] GC(13) Pause Cleanup 148M->148M(1024M) 0.065ms
[2021-07-24T17:14:09.669+0800][gc,cpu        ] GC(13) User=0.00s Sys=0.00s Real=0.00s
[2021-07-24T17:14:09.669+0800][gc,marking    ] GC(13) Concurrent Cleanup for Next Mark
[2021-07-24T17:14:09.673+0800][gc,marking    ] GC(13) Concurrent Cleanup for Next Mark 3.934ms
[2021-07-24T17:14:09.673+0800][gc            ] GC(13) Concurrent Cycle 81.163ms
[2021-07-24T17:22:46.883+0800][gc,start      ] GC(14) Pause Young (Normal) (G1 Evacuation Pause)
[2021-07-24T17:22:46.883+0800][gc,task       ] GC(14) Using 8 workers of 8 for evacuation
[2021-07-24T17:22:46.903+0800][gc,mmu        ] GC(14) MMU target violated: 20.1ms (20.0ms/21.0ms)
[2021-07-24T17:22:46.904+0800][gc,phases     ] GC(14)   Pre Evacuate Collection Set: 0.4ms
[2021-07-24T17:22:46.904+0800][gc,phases     ] GC(14)   Evacuate Collection Set: 17.5ms
[2021-07-24T17:22:46.904+0800][gc,phases     ] GC(14)   Post Evacuate Collection Set: 2.0ms
[2021-07-24T17:22:46.904+0800][gc,phases     ] GC(14)   Other: 0.8ms
[2021-07-24T17:22:46.904+0800][gc,heap       ] GC(14) Eden regions: 48->0(47)
[2021-07-24T17:22:46.904+0800][gc,heap       ] GC(14) Survivor regions: 3->4(7)
[2021-07-24T17:22:46.904+0800][gc,heap       ] GC(14) Old regions: 16->16
[2021-07-24T17:22:46.904+0800][gc,heap       ] GC(14) Humongous regions: 129->129
[2021-07-24T17:22:46.904+0800][gc,metaspace  ] GC(14) Metaspace: 57383K->57383K(1101824K)
[2021-07-24T17:22:46.904+0800][gc            ] GC(14) Pause Young (Normal) (G1 Evacuation Pause) 195M->148M(1024M) 20.799ms
[2021-07-24T17:22:46.904+0800][gc,cpu        ] GC(14) User=0.02s Sys=0.01s Real=0.02s
[2021-07-24T17:22:56.469+0800][gc,start      ] GC(15) Pause Young (Normal) (G1 Evacuation Pause)
[2021-07-24T17:22:56.470+0800][gc,task       ] GC(15) Using 8 workers of 8 for evacuation
[2021-07-24T17:22:56.479+0800][gc,phases     ] GC(15)   Pre Evacuate Collection Set: 0.2ms
[2021-07-24T17:22:56.479+0800][gc,phases     ] GC(15)   Evacuate Collection Set: 7.6ms
[2021-07-24T17:22:56.479+0800][gc,phases     ] GC(15)   Post Evacuate Collection Set: 0.8ms
[2021-07-24T17:22:56.479+0800][gc,phases     ] GC(15)   Other: 1.4ms
[2021-07-24T17:22:56.479+0800][gc,heap       ] GC(15) Eden regions: 47->0(47)
[2021-07-24T17:22:56.479+0800][gc,heap       ] GC(15) Survivor regions: 4->4(7)
[2021-07-24T17:22:56.479+0800][gc,heap       ] GC(15) Old regions: 16->16
[2021-07-24T17:22:56.479+0800][gc,heap       ] GC(15) Humongous regions: 129->129
[2021-07-24T17:22:56.479+0800][gc,metaspace  ] GC(15) Metaspace: 57496K->57496K(1101824K)
[2021-07-24T17:22:56.479+0800][gc            ] GC(15) Pause Young (Normal) (G1 Evacuation Pause) 195M->147M(1024M) 10.123ms
[2021-07-24T17:22:56.479+0800][gc,cpu        ] GC(15) User=0.02s Sys=0.01s Real=0.01s
[2021-07-24T17:23:17.754+0800][gc,start      ] GC(16) Pause Young (Normal) (G1 Evacuation Pause)
[2021-07-24T17:23:17.755+0800][gc,task       ] GC(16) Using 8 workers of 8 for evacuation
[2021-07-24T17:23:17.772+0800][gc,phases     ] GC(16)   Pre Evacuate Collection Set: 0.5ms
[2021-07-24T17:23:17.772+0800][gc,phases     ] GC(16)   Evacuate Collection Set: 15.4ms
[2021-07-24T17:23:17.772+0800][gc,phases     ] GC(16)   Post Evacuate Collection Set: 1.1ms
[2021-07-24T17:23:17.772+0800][gc,phases     ] GC(16)   Other: 1.1ms
[2021-07-24T17:23:17.772+0800][gc,heap       ] GC(16) Eden regions: 47->0(47)
[2021-07-24T17:23:17.772+0800][gc,heap       ] GC(16) Survivor regions: 4->4(7)
[2021-07-24T17:23:17.772+0800][gc,heap       ] GC(16) Old regions: 16->16
[2021-07-24T17:23:17.772+0800][gc,heap       ] GC(16) Humongous regions: 129->129
[2021-07-24T17:23:17.772+0800][gc,metaspace  ] GC(16) Metaspace: 57668K->57668K(1101824K)
[2021-07-24T17:23:17.772+0800][gc            ] GC(16) Pause Young (Normal) (G1 Evacuation Pause) 194M->148M(1024M) 18.246ms
[2021-07-24T17:23:17.772+0800][gc,cpu        ] GC(16) User=0.03s Sys=0.02s Real=0.02s
[2021-07-24T17:28:50.742+0800][gc,start      ] GC(17) Pause Young (Normal) (G1 Evacuation Pause)
[2021-07-24T17:28:50.743+0800][gc,task       ] GC(17) Using 8 workers of 8 for evacuation
[2021-07-24T17:28:50.782+0800][gc,mmu        ] GC(17) MMU target violated: 21.0ms (20.0ms/21.0ms)
[2021-07-24T17:28:50.782+0800][gc,phases     ] GC(17)   Pre Evacuate Collection Set: 4.4ms
[2021-07-24T17:28:50.782+0800][gc,phases     ] GC(17)   Evacuate Collection Set: 32.5ms
[2021-07-24T17:28:50.782+0800][gc,phases     ] GC(17)   Post Evacuate Collection Set: 1.3ms
[2021-07-24T17:28:50.782+0800][gc,phases     ] GC(17)   Other: 2.3ms
[2021-07-24T17:28:50.782+0800][gc,heap       ] GC(17) Eden regions: 47->0(46)
[2021-07-24T17:28:50.782+0800][gc,heap       ] GC(17) Survivor regions: 4->5(7)
[2021-07-24T17:28:50.782+0800][gc,heap       ] GC(17) Old regions: 16->16
[2021-07-24T17:28:50.782+0800][gc,heap       ] GC(17) Humongous regions: 129->129
[2021-07-24T17:28:50.782+0800][gc,metaspace  ] GC(17) Metaspace: 58391K->58391K(1101824K)
[2021-07-24T17:28:50.782+0800][gc            ] GC(17) Pause Young (Normal) (G1 Evacuation Pause) 195M->149M(1024M) 40.417ms
[2021-07-24T17:28:50.782+0800][gc,cpu        ] GC(17) User=0.05s Sys=0.03s Real=0.04s
[2021-07-24T17:37:45.352+0800][gc,start      ] GC(18) Pause Young (Normal) (G1 Evacuation Pause)
[2021-07-24T17:37:45.352+0800][gc,task       ] GC(18) Using 8 workers of 8 for evacuation
[2021-07-24T17:37:45.402+0800][gc,mmu        ] GC(18) MMU target violated: 21.0ms (20.0ms/21.0ms)
[2021-07-24T17:37:45.402+0800][gc,phases     ] GC(18)   Pre Evacuate Collection Set: 1.6ms
[2021-07-24T17:37:45.402+0800][gc,phases     ] GC(18)   Evacuate Collection Set: 43.7ms
[2021-07-24T17:37:45.402+0800][gc,phases     ] GC(18)   Post Evacuate Collection Set: 3.8ms
[2021-07-24T17:37:45.402+0800][gc,phases     ] GC(18)   Other: 1.4ms
[2021-07-24T17:37:45.402+0800][gc,heap       ] GC(18) Eden regions: 46->0(47)
[2021-07-24T17:37:45.402+0800][gc,heap       ] GC(18) Survivor regions: 5->4(7)
[2021-07-24T17:37:45.402+0800][gc,heap       ] GC(18) Old regions: 16->18
[2021-07-24T17:37:45.402+0800][gc,heap       ] GC(18) Humongous regions: 129->129
[2021-07-24T17:37:45.402+0800][gc,metaspace  ] GC(18) Metaspace: 58470K->58470K(1101824K)
[2021-07-24T17:37:45.402+0800][gc            ] GC(18) Pause Young (Normal) (G1 Evacuation Pause) 195M->150M(1024M) 50.474ms
[2021-07-24T17:37:45.402+0800][gc,cpu        ] GC(18) User=0.05s Sys=0.06s Real=0.05s
[2021-07-24T17:46:33.730+0800][gc,start      ] GC(19) Pause Young (Normal) (G1 Evacuation Pause)
[2021-07-24T17:46:33.730+0800][gc,task       ] GC(19) Using 8 workers of 8 for evacuation
[2021-07-24T17:46:33.766+0800][gc,mmu        ] GC(19) MMU target violated: 21.0ms (20.0ms/21.0ms)
[2021-07-24T17:46:33.766+0800][gc,phases     ] GC(19)   Pre Evacuate Collection Set: 0.3ms
[2021-07-24T17:46:33.766+0800][gc,phases     ] GC(19)   Evacuate Collection Set: 33.9ms
[2021-07-24T17:46:33.766+0800][gc,phases     ] GC(19)   Post Evacuate Collection Set: 0.9ms
[2021-07-24T17:46:33.766+0800][gc,phases     ] GC(19)   Other: 2.5ms
[2021-07-24T17:46:33.766+0800][gc,heap       ] GC(19) Eden regions: 47->0(47)
[2021-07-24T17:46:33.766+0800][gc,heap       ] GC(19) Survivor regions: 4->4(7)
[2021-07-24T17:46:33.766+0800][gc,heap       ] GC(19) Old regions: 18->19
[2021-07-24T17:46:33.766+0800][gc,heap       ] GC(19) Humongous regions: 129->129
[2021-07-24T17:46:33.766+0800][gc,metaspace  ] GC(19) Metaspace: 58505K->58505K(1101824K)
[2021-07-24T17:46:33.766+0800][gc            ] GC(19) Pause Young (Normal) (G1 Evacuation Pause) 197M->150M(1024M) 36.354ms
[2021-07-24T17:46:33.766+0800][gc,cpu        ] GC(19) User=0.03s Sys=0.04s Real=0.03s
