[2021-07-24T15:20:35.371+0800][gc] Using G1
[2021-07-24T15:20:35.372+0800][gc,init] Version: 16.0.1+9 (release)
[2021-07-24T15:20:35.372+0800][gc,init] CPUs: 8 total, 8 available
[2021-07-24T15:20:35.372+0800][gc,init] Memory: 8192M
[2021-07-24T15:20:35.372+0800][gc,init] Large Page Support: Disabled
[2021-07-24T15:20:35.372+0800][gc,init] NUMA Support: Disabled
[2021-07-24T15:20:35.372+0800][gc,init] Compressed Oops: Enabled (Zero based)
[2021-07-24T15:20:35.372+0800][gc,init] Heap Region Size: 1M
[2021-07-24T15:20:35.372+0800][gc,init] Heap Min Capacity: 512M
[2021-07-24T15:20:35.372+0800][gc,init] Heap Initial Capacity: 512M
[2021-07-24T15:20:35.372+0800][gc,init] Heap Max Capacity: 512M
[2021-07-24T15:20:35.372+0800][gc,init] Pre-touch: Disabled
[2021-07-24T15:20:35.372+0800][gc,init] Parallel Workers: 8
[2021-07-24T15:20:35.372+0800][gc,init] Concurrent Workers: 2
[2021-07-24T15:20:35.372+0800][gc,init] Concurrent Refinement Workers: 8
[2021-07-24T15:20:35.372+0800][gc,init] Periodic GC: Disabled
[2021-07-24T15:20:35.372+0800][gc,metaspace] Compressed class space mapped at: 0x0000000300000000-0x0000000340000000, reserved size: 1073741824
[2021-07-24T15:20:35.372+0800][gc,metaspace] Narrow klass base: 0x0000000000000000, Narrow klass shift: 3, Narrow klass range: 0x340000000
[2021-07-24T15:22:33.274+0800][gc,start    ] GC(0) Pause Young (Normal) (G1 Evacuation Pause)
[2021-07-24T15:22:33.274+0800][gc,task     ] GC(0) Using 8 workers of 8 for evacuation
[2021-07-24T15:22:33.281+0800][gc,phases   ] GC(0)   Pre Evacuate Collection Set: 0.2ms
[2021-07-24T15:22:33.281+0800][gc,phases   ] GC(0)   Merge Heap Roots: 0.5ms
[2021-07-24T15:22:33.281+0800][gc,phases   ] GC(0)   Evacuate Collection Set: 5.2ms
[2021-07-24T15:22:33.281+0800][gc,phases   ] GC(0)   Post Evacuate Collection Set: 0.2ms
[2021-07-24T15:22:33.281+0800][gc,phases   ] GC(0)   Other: 0.5ms
[2021-07-24T15:22:33.281+0800][gc,heap     ] GC(0) Eden regions: 25->0(21)
[2021-07-24T15:22:33.281+0800][gc,heap     ] GC(0) Survivor regions: 0->4(4)
[2021-07-24T15:22:33.281+0800][gc,heap     ] GC(0) Old regions: 0->2
[2021-07-24T15:22:33.281+0800][gc,heap     ] GC(0) Archive regions: 0->0
[2021-07-24T15:22:33.281+0800][gc,heap     ] GC(0) Humongous regions: 0->0
[2021-07-24T15:22:33.281+0800][gc,metaspace] GC(0) Metaspace: 15648K(15872K)->15648K(15872K) NonClass: 14089K(14208K)->14089K(14208K) Class: 1558K(1664K)->1558K(1664K)
[2021-07-24T15:22:33.281+0800][gc          ] GC(0) Pause Young (Normal) (G1 Evacuation Pause) 25M->5M(512M) 6.932ms
[2021-07-24T15:22:33.281+0800][gc,cpu      ] GC(0) User=0.01s Sys=0.01s Real=0.01s
